Component: ARM Compiler 5.06 update 4 (build 422) Tool: armlink [4d35d2]

==============================================================================

Section Cross References

    bsp_led.o(.text) refers to pin.o(.text) for rt_pin_mode
    bsp_led.o(.text) refers to timer.o(.text) for rt_timer_start
    bsp_led.o(.text) refers to kservice.o(.text) for rt_kprintf
    bsp_led.o(.text) refers to thread.o(.text) for rt_thread_create
    bsp_led.o(.text) refers to bsp_led.o(.bss) for timer_test
    bsp_led.o(.text) refers to bsp_led.o(.data) for timeout_value
    bsp_led.o(.rti_fn.6) refers to bsp_led.o(.text) for rt_led_init
    app_button_event.o(.text) refers to pin.o(.text) for rt_pin_read
    app_button_event.o(.text) refers to multi_button.o(.text) for get_button_event
    app_button_event.o(.text) refers to app_nrf24l01.o(.text) for rt_nrf_send_data
    app_button_event.o(.text) refers to thread.o(.text) for rt_thread_delay
    app_button_event.o(.text) refers to app_button_event.o(.bss) for btn
    app_button_event.o(.rti_fn.6) refers to app_button_event.o(.text) for rt_button_init
    app_nrf24l01.o(.text) refers to kservice.o(.text) for rt_kprintf
    app_nrf24l01.o(.text) refers to drv_nrf24.o(.text) for nrf24lxx_data_packet
    app_nrf24l01.o(.text) refers to app_nrf24l01.o(.data) for tmp_buf
    board.o(.text) refers to stm32f4xx_hal_rcc.o(.text) for HAL_RCC_OscConfig
    board.o(.text) refers to stm32f4xx_hal_pwr_ex.o(.text) for HAL_PWREx_EnableOverDrive
    board.o(.text) refers to stm32f4xx_hal_cortex.o(.text) for HAL_SYSTICK_Config
    board.o(.text) refers to irq.o(.text) for rt_interrupt_enter
    board.o(.text) refers to stm32f4xx_hal.o(.text) for HAL_IncTick
    board.o(.text) refers to clock.o(.text) for rt_tick_increase
    board.o(.text) refers to thread.o(.text) for rt_thread_delay
    board.o(.text) refers to mem.o(.text) for rt_system_heap_init
    board.o(.text) refers to components.o(.text) for rt_components_board_init
    board.o(.text) refers to kservice.o(.text) for rt_console_set_device
    drv_gpio.o(.text) refers to stm32f4xx_hal_gpio.o(.text) for HAL_GPIO_WritePin
    drv_gpio.o(.text) refers to context_rvds.o(.text) for rt_hw_interrupt_disable
    drv_gpio.o(.text) refers to drv_gpio.o(.constdata) for pins
    drv_gpio.o(.text) refers to drv_gpio.o(.data) for pin_irq_hdr_tab
    drv_gpio.o(.text) refers to stm32f4xx_hal_cortex.o(.text) for HAL_NVIC_SetPriority
    drv_gpio.o(.text) refers to pin.o(.text) for rt_device_pin_register
    drv_gpio.o(.text) refers to irq.o(.text) for rt_interrupt_enter
    drv_gpio.o(.constdata) refers to drv_gpio.o(.text) for GPIOE_CLK_ENABLE
    drv_gpio.o(.rti_fn.1) refers to drv_gpio.o(.text) for rt_hw_pin_init
    drv_usart.o(.text) refers to kservice.o(.text) for rt_assert_handler
    drv_usart.o(.text) refers to stm32f4xx_hal_uart.o(.text) for HAL_UART_Init
    drv_usart.o(.text) refers to irq.o(.text) for rt_interrupt_enter
    drv_usart.o(.text) refers to serial.o(.text) for rt_hw_serial_isr
    drv_usart.o(.text) refers to stm32f4xx_hal_gpio.o(.text) for HAL_GPIO_Init
    drv_usart.o(.text) refers to drv_usart.o(.constdata) for __FUNCTION__
    drv_usart.o(.text) refers to drv_usart.o(.bss) for uart1
    drv_usart.o(.constdata) refers to drv_usart.o(.text) for drv_configure
    drv_usart.o(.rti_fn.1) refers to drv_usart.o(.text) for hw_usart_init
    drv_spi.o(.text) refers to stm32f4xx_hal_rcc.o(.text) for HAL_RCC_GetPCLK2Freq
    drv_spi.o(.text) refers to stm32f4xx_hal_spi.o(.text) for HAL_SPI_Init
    drv_spi.o(.text) refers to kservice.o(.text) for rt_assert_handler
    drv_spi.o(.text) refers to pin.o(.text) for rt_pin_write
    drv_spi.o(.text) refers to spi_core.o(.text) for rt_spi_bus_register
    drv_spi.o(.text) refers to mem.o(.text) for rt_malloc
    drv_spi.o(.text) refers to stm32f4xx_hal_gpio.o(.text) for HAL_GPIO_Init
    drv_spi.o(.text) refers to drv_spi.o(.constdata) for __FUNCTION__
    drv_spi.o(.text) refers to drv_spi.o(.bss) for _spi_bus1
    drv_spi.o(.text) refers to drv_spi.o(.data) for _spi1
    drv_spi.o(.constdata) refers to drv_spi.o(.text) for spi_configure
    drv_spi.o(.rti_fn.1) refers to drv_spi.o(.text) for stm32_hw_spi_init
    drv_nrf24.o(.text) refers to spi_core.o(.text) for rt_spi_send_then_recv
    drv_nrf24.o(.text) refers to kservice.o(.text) for rt_kprintf
    drv_nrf24.o(.text) refers to pin.o(.text) for rt_pin_write
    drv_nrf24.o(.text) refers to thread.o(.text) for rt_thread_delay
    drv_nrf24.o(.text) refers to drv_nrf24.o(.bss) for nrf_device
    drv_nrf24.o(.text) refers to drv_nrf24.o(.constdata) for __FUNCTION__
    drv_nrf24.o(.text) refers to drv_nrf24.o(.data) for spi_cs
    drv_nrf24.o(.rti_fn.6) refers to drv_nrf24.o(.text) for rt_hw_nrf_init
    system_stm32f4xx.o(.text) refers to system_stm32f4xx.o(.data) for SystemCoreClock
    system_stm32f4xx.o(.text) refers to system_stm32f4xx.o(.constdata) for AHBPrescTable
[...]
    HAL_UART_Abort_IT                        0x08005e55   Thumb Code   208  stm32f4xx_hal_uart.o(.text)
    HAL_UART_AbortTransmitCpltCallback       0x08005f25   Thumb Code     2  stm32f4xx_hal_uart.o(.text)
    HAL_UART_AbortTransmit_IT                0x08005f3f   Thumb Code   102  stm32f4xx_hal_uart.o(.text)
    HAL_UART_AbortReceiveCpltCallback        0x08005fa5   Thumb Code     2  stm32f4xx_hal_uart.o(.text)
    HAL_UART_AbortReceive_IT                 0x08005fbf   Thumb Code   114  stm32f4xx_hal_uart.o(.text)
    HAL_UART_IRQHandler                      0x08006167   Thumb Code   348  stm32f4xx_hal_uart.o(.text)
    HAL_LIN_SendBreak                        0x080062c3   Thumb Code    62  stm32f4xx_hal_uart.o(.text)
    HAL_MultiProcessor_EnterMuteMode         0x08006301   Thumb Code    62  stm32f4xx_hal_uart.o(.text)
    HAL_MultiProcessor_ExitMuteMode          0x0800633f   Thumb Code    62  stm32f4xx_hal_uart.o(.text)
    HAL_HalfDuplex_EnableTransmitter         0x0800637d   Thumb Code    68  stm32f4xx_hal_uart.o(.text)
    HAL_HalfDuplex_EnableReceiver            0x080063c1   Thumb Code    68  stm32f4xx_hal_uart.o(.text)
    HAL_UART_GetState                        0x08006405   Thumb Code    20  stm32f4xx_hal_uart.o(.text)
    HAL_UART_GetError                        0x08006419   Thumb Code     6  stm32f4xx_hal_uart.o(.text)
    button_init                              0x08006421   Thumb Code    52  multi_button.o(.text)
    button_attach                            0x08006455   Thumb Code    10  multi_button.o(.text)
    get_button_event                         0x0800645f   Thumb Code     8  multi_button.o(.text)
    button_handler                           0x08006467   Thumb Code   554  multi_button.o(.text)
    button_start                             0x08006691   Thumb Code    38  multi_button.o(.text)
    button_stop                              0x080066b7   Thumb Code    32  multi_button.o(.text)
    button_ticks                             0x080066d7   Thumb Code    22  multi_button.o(.text)
    btn_test_thread_entry                    0x080066fd   Thumb Code   106  event_inquire.o(.text)
    multi_button_test                        0x08006767   Thumb Code    70  event_inquire.o(.text)
    rt_system_tick_init                      0x08006865   Thumb Code     2  clock.o(.text)
    rt_tick_get                              0x08006867   Thumb Code     6  clock.o(.text)
    rt_tick_set                              0x0800686d   Thumb Code    22  clock.o(.text)
    rt_tick_increase                         0x08006883   Thumb Code    42  clock.o(.text)
    rt_tick_from_millisecond                 0x080068ad   Thumb Code    30  clock.o(.text)
    rt_components_board_init                 0x080068e1   Thumb Code    20  components.o(.text)
    rt_components_init                       0x080068f5   Thumb Code    20  components.o(.text)
    main_thread_entry                        0x08006909   Thumb Code    14  components.o(.text)
    rt_application_init                      0x08006917   Thumb Code    48  components.o(.text)
    rtthread_startup                         0x08006947   Thumb Code    42  components.o(.text)
    main                                     0x08006971   Thumb Code    14  components.o(.text)
    rt_device_find                           0x080069a9   Thumb Code    94  device.o(.text)
    rt_device_register                       0x08006a07   Thumb Code    52  device.o(.text)
    rt_device_unregister                     0x08006a3b   Thumb Code    26  device.o(.text)
    rt_device_init_all                       0x08006a55   Thumb Code     4  device.o(.text)
    rt_device_create                         0x08006a59   Thumb Code    40  device.o(.text)
    rt_device_destroy                        0x08006a81   Thumb Code    18  device.o(.text)
    rt_device_init                           0x08006a93   Thumb Code    64  device.o(.text)
    rt_device_open                           0x08006ad3   Thumb Code   150  device.o(.text)
    rt_device_close                          0x08006b69   Thumb Code    70  device.o(.text)
    rt_device_read                           0x08006baf   Thumb Code    76  device.o(.text)
    rt_device_write                          0x08006bfb   Thumb Code    76  device.o(.text)
    rt_device_control                        0x08006c47   Thumb Code    44  device.o(.text)
    rt_device_set_rx_indicate                0x08006c73   Thumb Code    26  device.o(.text)
    rt_device_set_tx_complete                0x08006c8d   Thumb Code    26  device.o(.text)
    rt_thread_idle_sethook                   0x08006d45   Thumb Code     6  idle.o(.text)
    rt_thread_idle_excute                    0x08006d4b   Thumb Code   168  idle.o(.text)
    rt_thread_idle_init                      0x08006e07   Thumb Code    38  idle.o(.text)
    rt_thread_idle_gethandler                0x08006e2d   Thumb Code     4  idle.o(.text)
    rt_sem_init                              0x08006f39   Thumb Code    50  ipc.o(.text)
    rt_sem_detach                            0x08006f6b   Thumb Code    34  ipc.o(.text)
    rt_sem_create                            0x08006f8d   Thumb Code    84  ipc.o(.text)
    rt_sem_delete                            0x08006fe1   Thumb Code    78  ipc.o(.text)
    rt_sem_take                              0x0800702f   Thumb Code   266  ipc.o(.text)
    rt_sem_trytake                           0x08007139   Thumb Code    14  ipc.o(.text)
    rt_sem_release                           0x08007147   Thumb Code    80  ipc.o(.text)
    rt_sem_control                           0x08007197   Thumb Code    68  ipc.o(.text)
    rt_mutex_init                            0x080071db   Thumb Code    58  ipc.o(.text)
    rt_mutex_detach                          0x08007215   Thumb Code    36  ipc.o(.text)
    rt_mutex_create                          0x08007239   Thumb Code    96  ipc.o(.text)
    rt_mutex_delete                          0x08007299   Thumb Code    78  ipc.o(.text)
    rt_mutex_take                            0x080072e7   Thumb Code   538  ipc.o(.text)
    rt_mutex_release                         0x08007501   Thumb Code   272  ipc.o(.text)
    rt_mutex_control                         0x08007611   Thumb Code     8  ipc.o(.text)
    rt_event_init                            0x08007619   Thumb Code    46  ipc.o(.text)
    rt_event_detach                          0x08007647   Thumb Code    36  ipc.o(.text)
    rt_event_create                          0x0800766b   Thumb Code    88  ipc.o(.text)
    rt_event_delete                          0x080076c3   Thumb Code    82  ipc.o(.text)
    rt_event_send                            0x08007715   Thumb Code   272  ipc.o(.text)
    rt_event_recv                            0x08007825   Thumb Code   380  ipc.o(.text)
    rt_event_control                         0x080079a1   Thumb Code    70  ipc.o(.text)
    rt_mb_init                               0x080079e7   Thumb Code    76  ipc.o(.text)
    rt_mb_detach                             0x08007a33   Thumb Code    44  ipc.o(.text)
    rt_mb_create                             0x08007a5f   Thumb Code   128  ipc.o(.text)
    rt_mb_delete                             0x08007adf   Thumb Code    96  ipc.o(.text)
    rt_mb_send_wait                          0x08007b3f   Thumb Code   436  ipc.o(.text)
    rt_mb_send                               0x08007cf3   Thumb Code    18  ipc.o(.text)
    rt_mb_recv                               0x08007d05   Thumb Code   412  ipc.o(.text)
    rt_mb_control                            0x08007ea1   Thumb Code    82  ipc.o(.text)
    rt_mq_init                               0x08007ef3   Thumb Code   118  ipc.o(.text)
    rt_mq_detach                             0x08007f69   Thumb Code    36  ipc.o(.text)
    rt_mq_delete                             0x08007f8d   Thumb Code    88  ipc.o(.text)
    rt_mq_create                             0x08007fe5   Thumb Code   174  ipc.o(.text)
    rt_mq_send                               0x08008093   Thumb Code   290  ipc.o(.text)
    rt_mq_urgent                             0x080081b5   Thumb Code   198  ipc.o(.text)
    rt_mq_recv                               0x0800827b   Thumb Code   438  ipc.o(.text)
    rt_mq_control                            0x08008431   Thumb Code    98  ipc.o(.text)
    rt_interrupt_enter_sethook               0x080084e9   Thumb Code     6  irq.o(.text)
    rt_interrupt_leave_sethook               0x080084ef   Thumb Code     6  irq.o(.text)
    rt_interrupt_enter                       0x080084f5   Thumb Code    46  irq.o(.text)
    rt_interrupt_leave                       0x08008523   Thumb Code    46  irq.o(.text)
    rt_interrupt_get_nest                    0x08008551   Thumb Code     6  irq.o(.text)
    rt_get_errno                             0x08008565   Thumb Code    32  kservice.o(.text)
    rt_set_errno                             0x08008585   Thumb Code    36  kservice.o(.text)
    _rt_errno                                0x080085a9   Thumb Code    30  kservice.o(.text)
    rt_memset                                0x080085c7   Thumb Code    72  kservice.o(.text)
    rt_memcpy                                0x0800860f   Thumb Code   124  kservice.o(.text)
    rt_memmove                               0x0800868b   Thumb Code    66  kservice.o(.text)
    rt_memcmp                                0x080086cd   Thumb Code    38  kservice.o(.text)
    rt_strlen                                0x080086f3   Thumb Code    18  kservice.o(.text)
    rt_strstr                                0x08008705   Thumb Code    58  kservice.o(.text)
    rt_strcasecmp                            0x0800873f   Thumb Code    48  kservice.o(.text)
    rt_strncpy                               0x0800876f   Thumb Code    52  kservice.o(.text)
    rt_strncmp                               0x080087a3   Thumb Code    40  kservice.o(.text)
    rt_strcmp                                0x080087cb   Thumb Code    28  kservice.o(.text)
    rt_strnlen                               0x080087e7   Thumb Code    24  kservice.o(.text)
    rt_strdup                                0x080087ff   Thumb Code    40  kservice.o(.text)
    rt_hw_console_output                     0x08008827   Thumb Code     2  kservice.o(.text)
    rt_vsnprintf                             0x080089df   Thumb Code   800  kservice.o(.text)
    rt_kprintf                               0x08008cff   Thumb Code    96  kservice.o(.text)
    rt_show_version                          0x08008d5f   Thumb Code    38  kservice.o(.text)
    rt_snprintf                              0x08008d85   Thumb Code    38  kservice.o(.text)
    rt_vsprintf                              0x08008dab   Thumb Code    22  kservice.o(.text)
    rt_sprintf                               0x08008dc1   Thumb Code    34  kservice.o(.text)
    rt_console_get_device                    0x08008de3   Thumb Code     6  kservice.o(.text)
    rt_console_set_device                    0x08008de9   Thumb Code    48  kservice.o(.text)
    rt_kputs                                 0x08008e19   Thumb Code    78  kservice.o(.text)
    rt_malloc_align                          0x08008e67   Thumb Code    66  kservice.o(.text)
    rt_free_align                            0x08008ea9   Thumb Code    16  kservice.o(.text)
    __rt_ffs                                 0x08008eb9   Thumb Code    70  kservice.o(.text)
    rt_assert_set_hook                       0x08008eff   Thumb Code     6  kservice.o(.text)
    rt_assert_handler                        0x08008f05   Thumb Code    56  kservice.o(.text)
    rt_malloc_sethook                        0x08009015   Thumb Code     6  mem.o(.text)
    rt_free_sethook                          0x0800901b   Thumb Code     6  mem.o(.text)
    rt_system_heap_init                      0x080090c1   Thumb Code   204  mem.o(.text)
    rt_malloc                                0x0800918d   Thumb Code   522  mem.o(.text)
    rt_free                                  0x08009397   Thumb Code   688  mem.o(.text)
    rt_realloc                               0x08009647   Thumb Code   324  mem.o(.text)
    rt_calloc                                0x0800978b   Thumb Code    84  mem.o(.text)
    rt_memory_info                           0x080097df   Thumb Code    26  mem.o(.text)
    list_mem                                 0x080097f9   Thumb Code    34  mem.o(.text)
    rt_object_attach_sethook                 0x08009929   Thumb Code     6  object.o(.text)
    rt_object_detach_sethook                 0x0800992f   Thumb Code     6  object.o(.text)
    rt_object_trytake_sethook                0x08009935   Thumb Code     6  object.o(.text)
    rt_object_take_sethook                   0x0800993b   Thumb Code     6  object.o(.text)
    rt_object_put_sethook                    0x08009941   Thumb Code     6  object.o(.text)
    rt_system_object_init                    0x08009947   Thumb Code     2  object.o(.text)
    rt_object_get_information                0x08009949   Thumb Code    36  object.o(.text)
    rt_object_init                           0x0800996d   Thumb Code    92  object.o(.text)
    rt_object_detach                         0x080099c9   Thumb Code    58  object.o(.text)
    rt_object_allocate                       0x08009a03   Thumb Code   148  object.o(.text)
    rt_object_delete                         0x08009a97   Thumb Code    84  object.o(.text)
    rt_object_is_systemobject                0x08009aeb   Thumb Code    34  object.o(.text)
    rt_object_find                           0x08009b0d   Thumb Code   142  object.o(.text)
    rt_scheduler_sethook                     0x08009c51   Thumb Code     6  scheduler.o(.text)
    rt_system_scheduler_init                 0x08009cb1   Thumb Code    56  scheduler.o(.text)
    rt_system_scheduler_start                0x08009ce9   Thumb Code    36  scheduler.o(.text)
    rt_schedule                              0x08009d0d   Thumb Code   154  scheduler.o(.text)
    rt_schedule_insert_thread                0x08009da7   Thumb Code    90  scheduler.o(.text)
    rt_schedule_remove_thread                0x08009e01   Thumb Code    94  scheduler.o(.text)
    rt_enter_critical                        0x08009e5f   Thumb Code    28  scheduler.o(.text)
    rt_exit_critical                         0x08009e7b   Thumb Code    54  scheduler.o(.text)
    rt_critical_level                        0x08009eb1   Thumb Code     8  scheduler.o(.text)
    rt_thread_suspend_sethook                0x08009f75   Thumb Code     6  thread.o(.text)
    rt_thread_resume_sethook                 0x08009f7b   Thumb Code     6  thread.o(.text)
    rt_thread_inited_sethook                 0x08009f81   Thumb Code     6  thread.o(.text)
    rt_thread_exit                           0x08009f87   Thumb Code    76  thread.o(.text)
    rt_thread_timeout                        0x08009fd3   Thumb Code    70  thread.o(.text)
    rt_thread_init                           0x0800a0b9   Thumb Code    74  thread.o(.text)
    rt_thread_self                           0x0800a103   Thumb Code     6  thread.o(.text)
    rt_thread_resume                         0x0800a109   Thumb Code   100  thread.o(.text)
    rt_thread_startup                        0x0800a16d   Thumb Code    88  thread.o(.text)
    rt_thread_detach                         0x0800a1c5   Thumb Code    84  thread.o(.text)
    rt_thread_create                         0x0800a219   Thumb Code    80  thread.o(.text)
    rt_thread_delete                         0x0800a269   Thumb Code    74  thread.o(.text)
    rt_thread_yield                          0x0800a2b3   Thumb Code    92  thread.o(.text)
    rt_thread_suspend                        0x0800a30f   Thumb Code   362  thread.o(.text)
    rt_thread_sleep                          0x0800a479   Thumb Code    78  thread.o(.text)
    rt_thread_delay                          0x0800a4c7   Thumb Code    12  thread.o(.text)
    rt_thread_control                        0x0800a4d3   Thumb Code   134  thread.o(.text)
    rt_thread_find                           0x0800a559   Thumb Code    96  thread.o(.text)
    rt_timer_timeout_sethook                 0x0800a5f3   Thumb Code     6  timer.o(.text)
    rt_timer_init                            0x0800a685   Thumb Code    58  timer.o(.text)
    rt_timer_detach                          0x0800a6bf   Thumb Code    44  timer.o(.text)
    rt_timer_create                          0x0800a6eb   Thumb Code    54  timer.o(.text)
    rt_timer_delete                          0x0800a721   Thumb Code    46  timer.o(.text)
    rt_timer_start                           0x0800a74f   Thumb Code   292  timer.o(.text)
    rt_timer_stop                            0x0800a873   Thumb Code    80  timer.o(.text)
    rt_timer_control                         0x0800a8c3   Thumb Code    76  timer.o(.text)
    rt_timer_check                           0x0800a90f   Thumb Code   148  timer.o(.text)
    rt_timer_next_timeout_tick               0x0800a9a3   Thumb Code    10  timer.o(.text)
    rt_system_timer_init                     0x0800a9ad   Thumb Code    24  timer.o(.text)
    rt_system_timer_thread_init              0x0800a9c5   Thumb Code     2  timer.o(.text)
    rt_hw_stack_init                         0x0800aa41   Thumb Code    74  cpuport.o(.text)
    rt_hw_exception_install                  0x0800aa8b   Thumb Code     6  cpuport.o(.text)
    rt_hw_hard_fault_exception               0x0800aa91   Thumb Code   112  cpuport.o(.text)
    rt_hw_cpu_shutdown                       0x0800ab01   Thumb Code    20  cpuport.o(.text)
    rt_hw_interrupt_disable                  0x0800abd1   Thumb Code     8  context_rvds.o(.text)
    rt_hw_interrupt_enable                   0x0800abd9   Thumb Code     6  context_rvds.o(.text)
    rt_hw_context_switch                     0x0800abdf   Thumb Code    32  context_rvds.o(.text)
    rt_hw_context_switch_interrupt           0x0800abdf   Thumb Code     0  context_rvds.o(.text)
    PendSV_Handler                           0x0800abff   Thumb Code   108  context_rvds.o(.text)
    rt_hw_context_switch_to                  0x0800ac6b   Thumb Code    70  context_rvds.o(.text)
    rt_hw_interrupt_thread_switch            0x0800acb1   Thumb Code     2  context_rvds.o(.text)
    HardFault_Handler                        0x0800acb3   Thumb Code    20  context_rvds.o(.text)
    rt_i2c_bus_device_register               0x0800ace1   Thumb Code    42  i2c_core.o(.text)
    rt_i2c_bus_device_find                   0x0800ad0b   Thumb Code    30  i2c_core.o(.text)
    rt_i2c_transfer                          0x0800ad29   Thumb Code    60  i2c_core.o(.text)
    rt_i2c_master_send                       0x0800ad65   Thumb Code    66  i2c_core.o(.text)
    rt_i2c_master_recv                       0x0800ada7   Thumb Code    90  i2c_core.o(.text)
    rt_i2c_core_init                         0x0800ae01   Thumb Code     4  i2c_core.o(.text)
    rt_i2c_bus_device_device_init            0x0800af31   Thumb Code    60  i2c_dev.o(.text)
    rt_device_pin_register                   0x0800b05d   Thumb Code    56  pin.o(.text)
    rt_pin_attach_irq                        0x0800b095   Thumb Code    60  pin.o(.text)
    rt_pin_dettach_irq                       0x0800b0d1   Thumb Code    46  pin.o(.text)
    rt_pin_irq_enable                        0x0800b0ff   Thumb Code    50  pin.o(.text)
    rt_pin_mode                              0x0800b131   Thumb Code    38  pin.o(.text)
    rt_pin_write                             0x0800b157   Thumb Code    38  pin.o(.text)
    rt_pin_read                              0x0800b17d   Thumb Code    34  pin.o(.text)
    rt_hw_serial_register                    0x0800baaf   Thumb Code    82  serial.o(.text)
    rt_hw_serial_isr                         0x0800bb01   Thumb Code   480  serial.o(.text)
    rt_spi_bus_register                      0x0800be81   Thumb Code    50  spi_core.o(.text)
    rt_spi_bus_attach_device                 0x0800beb3   Thumb Code    74  spi_core.o(.text)
    rt_spi_configure                         0x0800befd   Thumb Code    96  spi_core.o(.text)
    rt_spi_send_then_send                    0x0800bf5d   Thumb Code   240  spi_core.o(.text)
    rt_spi_send_then_recv                    0x0800c04d   Thumb Code   240  spi_core.o(.text)
    rt_spi_transfer                          0x0800c13d   Thumb Code   198  spi_core.o(.text)
    rt_spi_transfer_message                  0x0800c203   Thumb Code   164  spi_core.o(.text)
    rt_spi_take_bus                          0x0800c2a7   Thumb Code   204  spi_core.o(.text)
    rt_spi_release_bus                       0x0800c373   Thumb Code    72  spi_core.o(.text)
    rt_spi_take                              0x0800c3bb   Thumb Code    80  spi_core.o(.text)
    rt_spi_release                           0x0800c40b   Thumb Code    80  spi_core.o(.text)
    rt_spi_bus_device_init                   0x0800c50d   Thumb Code    56  spi_dev.o(.text)
    rt_spidev_device_init                    0x0800c5c9   Thumb Code    56  spi_dev.o(.text)
    sfud_log_debug                           0x0800c84b   Thumb Code    52  spi_flash_sfud.o(.text)
    sfud_log_info                            0x0800c87f   Thumb Code    44  spi_flash_sfud.o(.text)
    sfud_spi_port_init                       0x0800c8ab   Thumb Code    28  spi_flash_sfud.o(.text)
    rt_sfud_flash_probe                      0x0800c8c7   Thumb Code   384  spi_flash_sfud.o(.text)
    rt_sfud_flash_delete                     0x0800ca47   Thumb Code   378  spi_flash_sfud.o(.text)
    sfud_read_status                         0x0800d4df   Thumb Code    30  sfud.o(.text)
    sfud_write_status                        0x0800d5bd   Thumb Code   102  sfud.o(.text)
    sfud_device_init                         0x0800d8b7   Thumb Code    60  sfud.o(.text)
    sfud_init                                0x0800d8f3   Thumb Code   594  sfud.o(.text)
    sfud_get_device_num                      0x0800db45   Thumb Code     4  sfud.o(.text)
    sfud_get_device                          0x0800db49   Thumb Code    32  sfud.o(.text)
    sfud_get_device_table                    0x0800db69   Thumb Code     4  sfud.o(.text)
    sfud_read                                0x0800db99   Thumb Code   128  sfud.o(.text)
    sfud_chip_erase                          0x0800dc19   Thumb Code   150  sfud.o(.text)
    sfud_erase                               0x0800dcaf   Thumb Code   310  sfud.o(.text)
    sfud_write                               0x0800e0d5   Thumb Code    76  sfud.o(.text)
    sfud_erase_write                         0x0800e121   Thumb Code    48  sfud.o(.text)
    sfud_read_sfdp                           0x0800e4a3   Thumb Code    44  sfud_sfdp.o(.text)
    sfud_sfdp_get_suitable_eraser            0x0800e4cf   Thumb Code    86  sfud_sfdp.o(.text)
    rt_completion_init                       0x0800e661   Thumb Code    42  completion.o(.text)
    rt_completion_wait                       0x0800e68b   Thumb Code   198  completion.o(.text)
    rt_completion_done                       0x0800e751   Thumb Code    76  completion.o(.text)
    rt_data_queue_init                       0x0800e83b   Thumb Code    76  dataqueue.o(.text)
    rt_data_queue_push                       0x0800e887   Thumb Code   282  dataqueue.o(.text)
    rt_data_queue_pop                        0x0800e9a1   Thumb Code   342  dataqueue.o(.text)
    rt_data_queue_peak                       0x0800eaf7   Thumb Code   104  dataqueue.o(.text)
    rt_data_queue_reset                      0x0800eb5f   Thumb Code   106  dataqueue.o(.text)
    finsh_get_prompt                         0x0800ec55   Thumb Code    38  shell.o(.text)
    finsh_set_device                         0x0800ecd9   Thumb Code   156  shell.o(.text)
    finsh_get_device                         0x0800ed75   Thumb Code    28  shell.o(.text)
    finsh_set_echo                           0x0800ed91   Thumb Code    30  shell.o(.text)
    finsh_get_echo                           0x0800edaf   Thumb Code    32  shell.o(.text)
    finsh_thread_entry                       0x0800eef1   Thumb Code  1358  shell.o(.text)
    finsh_system_function_init               0x0800f43f   Thumb Code    10  shell.o(.text)
    finsh_system_var_init                    0x0800f449   Thumb Code    10  shell.o(.text)
    finsh_system_init                        0x0800f453   Thumb Code   214  shell.o(.text)
    hello                                    0x0800f53d   Thumb Code    12  cmd.o(.text)
    version                                  0x0800f549   Thumb Code    10  cmd.o(.text)
    list_thread                              0x0800f64d   Thumb Code    18  cmd.o(.text)
    list_sem                                 0x0800f717   Thumb Code    18  cmd.o(.text)
    list_event                               0x0800f7a7   Thumb Code    18  cmd.o(.text)
    list_mutex                               0x0800f815   Thumb Code    18  cmd.o(.text)
    list_mailbox                             0x0800f8cb   Thumb Code    18  cmd.o(.text)
    list_msgqueue                            0x0800fc43   Thumb Code    18  cmd.o(.text)
    list_memheap                             0x0800fca1   Thumb Code    18  cmd.o(.text)
    list_mempool                             0x0800fd39   Thumb Code    18  cmd.o(.text)
    list_timer                               0x0800fdbb   Thumb Code    18  cmd.o(.text)
    list_device                              0x0800fe49   Thumb Code    18  cmd.o(.text)
    list                                     0x0800fe5b   Thumb Code    54  cmd.o(.text)
    msh_is_used                              0x0801012d   Thumb Code     4  msh.o(.text)
    msh_help                                 0x08010131   Thumb Code    66  msh.o(.text)
    msh_exec                                 0x08010311   Thumb Code    82  msh.o(.text)
    msh_auto_complete                        0x08010383   Thumb Code   138  msh.o(.text)
    cmd_ps                                   0x08010495   Thumb Code    14  msh_cmd.o(.text)
    cmd_time                                 0x080104a3   Thumb Code     6  msh_cmd.o(.text)
    cmd_free                                 0x080104a9   Thumb Code    14  msh_cmd.o(.text)
    __aeabi_uldivmod                         0x080104b7   Thumb Code     0  lludivv7m.o(.text)
    _ll_udiv                                 0x080104b7   Thumb Code   238  lludivv7m.o(.text)
    vsnprintf                                0x080105a5   Thumb Code    48  vsnprintf.o(.text)
    atoi                                     0x080105d9   Thumb Code    26  atoi.o(.text)
    atol                                     0x080105f3   Thumb Code    26  atol.o(.text)
    memcmp                                   0x0801060d   Thumb Code    88  memcmp.o(.text)
    strcpy                                   0x08010665   Thumb Code    72  strcpy.o(.text)
    strlen                                   0x080106ad   Thumb Code    62  strlen.o(.text)
    strncmp                                  0x080106eb   Thumb Code   150  strncmp.o(.text)
    strcat                                   0x08010781   Thumb Code    24  strcat.o(.text)
    __aeabi_memcpy                           0x08010799   Thumb Code     0  rt_memcpy_v6.o(.text)
    __rt_memcpy                              0x08010799   Thumb Code   138  rt_memcpy_v6.o(.text)
    _memcpy_lastbytes                        0x080107ff   Thumb Code     0  rt_memcpy_v6.o(.text)
    __aeabi_memcpy4                          0x08010823   Thumb Code     0  rt_memcpy_w.o(.text)
    __aeabi_memcpy8                          0x08010823   Thumb Code     0  rt_memcpy_w.o(.text)
    __rt_memcpy_w                            0x08010823   Thumb Code   100  rt_memcpy_w.o(.text)
    _memcpy_lastbytes_aligned                0x0801086b   Thumb Code     0  rt_memcpy_w.o(.text)
    __aeabi_memset                           0x08010887   Thumb Code    16  aeabi_memset.o(.text)
    __aeabi_memclr                           0x08010897   Thumb Code     0  rt_memclr.o(.text)
    __rt_memclr                              0x08010897   Thumb Code    68  rt_memclr.o(.text)
    _memset                                  0x0801089b   Thumb Code     0  rt_memclr.o(.text)
    __aeabi_memclr4                          0x080108db   Thumb Code     0  rt_memclr_w.o(.text)
    __aeabi_memclr8                          0x080108db   Thumb Code     0  rt_memclr_w.o(.text)
    __rt_memclr_w                            0x080108db   Thumb Code    78  rt_memclr_w.o(.text)
    _memset_w                                0x080108df   Thumb Code     0  rt_memclr_w.o(.text)
    strcmp                                   0x08010929   Thumb Code   128  strcmpv7m.o(.text)
    __use_two_region_memory                  0x080109a9   Thumb Code     2  heapauxi.o(.text)
    __rt_heap_escrow$2region                 0x080109ab   Thumb Code     2  heapauxi.o(.text)
    __rt_heap_expand$2region                 0x080109ad   Thumb Code     2  heapauxi.o(.text)
    __aeabi_errno_addr                       0x080109b1   Thumb Code     8  rt_errno_addr_intlibspace.o(.text)
    __errno$intlibspace                      0x080109b1   Thumb Code     0  rt_errno_addr_intlibspace.o(.text)
    __rt_errno_addr$intlibspace              0x080109b1   Thumb Code     0  rt_errno_addr_intlibspace.o(.text)
    _printf_pre_padding                      0x080109b9   Thumb Code    44  _printf_pad.o(.text)
    _printf_post_padding                     0x080109e5   Thumb Code    34  _printf_pad.o(.text)
    _printf_truncate_signed                  0x08010a07   Thumb Code    18  _printf_truncate.o(.text)
    _printf_truncate_unsigned                0x08010a19   Thumb Code    18  _printf_truncate.o(.text)
    _printf_str                              0x08010a2b   Thumb Code    82  _printf_str.o(.text)
    _printf_int_dec                          0x08010a7d   Thumb Code   104  _printf_dec.o(.text)
    _printf_charcount                        0x08010af5   Thumb Code    40  _printf_charcount.o(.text)
    _printf_char_common                      0x08010b27   Thumb Code    32  _printf_char_common.o(.text)
    _sputc                                   0x08010b4d   Thumb Code    10  _sputc.o(.text)
    _snputc                                  0x08010b57   Thumb Code    16  _snputc.o(.text)
    _printf_wctomb                           0x08010b69   Thumb Code   182  _printf_wctomb.o(.text)
    _printf_longlong_dec                     0x08010c25   Thumb Code   108  _printf_longlong_dec.o(.text)
    _printf_longlong_oct                     0x08010ca1   Thumb Code    66  _printf_oct_int_ll.o(.text)
    _printf_int_oct                          0x08010ce3   Thumb Code    24  _printf_oct_int_ll.o(.text)
    _printf_ll_oct                           0x08010cfb   Thumb Code    12  _printf_oct_int_ll.o(.text)
    _printf_longlong_hex                     0x08010d11   Thumb Code    86  _printf_hex_int_ll_ptr.o(.text)
    _printf_int_hex                          0x08010d67   Thumb Code    28  _printf_hex_int_ll_ptr.o(.text)
    _printf_ll_hex                           0x08010d83   Thumb Code    12  _printf_hex_int_ll_ptr.o(.text)
    _printf_hex_ptr                          0x08010d8f   Thumb Code    18  _printf_hex_int_ll_ptr.o(.text)
    __printf                                 0x08010da5   Thumb Code   388  __printf_flags_ss_wp.o(.text)
    strtol                                   0x08010f2d   Thumb Code   112  strtol.o(.text)
    __user_libspace                          0x08010f9d   Thumb Code     8  libspace.o(.text)
    __user_perproc_libspace                  0x08010f9d   Thumb Code     0  libspace.o(.text)
    __user_perthread_libspace                0x08010f9d   Thumb Code     0  libspace.o(.text)
    __rt_ctype_table                         0x08010fa5   Thumb Code    16  rt_ctype_table.o(.text)
    _ll_udiv10                               0x08010fb5   Thumb Code   138  lludiv10.o(.text)
    _printf_int_common                       0x0801103f   Thumb Code   178  _printf_intcommon.o(.text)
    __lib_sel_fp_printf                      0x080110f1   Thumb Code     2  _printf_fp_dec.o(.text)
    _printf_fp_dec_real                      0x0801129f   Thumb Code   620  _printf_fp_dec.o(.text)
    _printf_fp_hex_real                      0x0801150d   Thumb Code   756  _printf_fp_hex.o(.text)
    _printf_cs_common                        0x08011809   Thumb Code    20  _printf_char.o(.text)
    _printf_char                             0x0801181d   Thumb Code    16  _printf_char.o(.text)
    _printf_string                           0x0801182d   Thumb Code     8  _printf_char.o(.text)
    _printf_lcs_common                       0x08011835   Thumb Code    20  _printf_wchar.o(.text)
    _printf_wchar                            0x08011849   Thumb Code    16  _printf_wchar.o(.text)
    _printf_wstring                          0x08011859   Thumb Code     8  _printf_wchar.o(.text)
    _strtoul                                 0x08011861   Thumb Code   158  _strtoul.o(.text)
    _wcrtomb                                 0x080118ff   Thumb Code    64  _wcrtomb.o(.text)
    __user_setup_stackheap                   0x0801193f   Thumb Code    74  sys_stackheap_outer.o(.text)
    __rt_locale                              0x08011989   Thumb Code     8  rt_locale_intlibspace.o(.text)
    _printf_fp_infnan                        0x08011991   Thumb Code   112  _printf_fp_infnan.o(.text)
    _chval                                   0x08011a11   Thumb Code    28  _chval.o(.text)
    _btod_etento                             0x08011a2d   Thumb Code   216  bigflt0.o(.text)
    exit                                     0x08011b09   Thumb Code    18  exit.o(.text)
    _sys_exit                                0x08011b1d   Thumb Code     8  sys_exit.o(.text)
    __I$use$semihosting                      0x08011b29   Thumb Code     0  use_no_semi.o(.text)
    __use_no_semihosting_swi                 0x08011b29   Thumb Code     2  use_no_semi.o(.text)
    __semihosting_library_function           0x08011b2b   Thumb Code     0  indicate_semi.o(.text)
    _btod_d2e                                0x08011b2b   Thumb Code    62  btod.o(CL$$btod_d2e)
    _d2e_denorm_low                          0x08011b69   Thumb Code    70  btod.o(CL$$btod_d2e_denorm_low)
    _d2e_norm_op1                            0x08011baf   Thumb Code    96  btod.o(CL$$btod_d2e_norm_op1)
    __btod_div_common                        0x08011c0f   Thumb Code   696  btod.o(CL$$btod_div_common)
    _e2e                                     0x08011f47   Thumb Code   198  btod.o(CL$$btod_e2e)
    _btod_ediv                               0x0801200d   Thumb Code    40  btod.o(CL$$btod_ediv)
    _btod_emul                               0x08012035   Thumb Code    40  btod.o(CL$$btod_emul)
    __btod_mult_common                       0x0801205d   Thumb Code   580  btod.o(CL$$btod_mult_common)
    __ARM_fpclassify                         0x080122a1   Thumb Code    48  fpclassify.o(i.__ARM_fpclassify)
    _is_digit                                0x080122d1   Thumb Code    14  __printf_wp.o(i._is_digit)
    _get_lc_ctype                            0x080122e1   Thumb Code    44  lc_ctype_c.o(locale$$code)
    _get_lc_numeric                          0x0801230d   Thumb Code    44  lc_numeric_c.o(locale$$code)
    _fp_init                                 0x08012339   Thumb Code    10  fpinit.o(x$fpl$fpinit)
    __fplib_config_fpu_vfp                   0x08012341   Thumb Code     0  fpinit.o(x$fpl$fpinit)
    __fplib_config_pureend_doubles           0x08012341   Thumb Code     0  fpinit.o(x$fpl$fpinit)
    _printf_fp_dec                           0x08012343   Thumb Code     4  printf1.o(x$fpl$printf1)
    _printf_fp_hex                           0x08012347   Thumb Code     4  printf2.o(x$fpl$printf2)
    __I$use$fp                               0x0801234a   Number         0  usenofp.o(x$fpl$usenofp)
    stm_spi_ops                              0x080130fc   Data           8  drv_spi.o(.constdata)
    TX_ADDRESS                               0x08013128   Data           5  drv_nrf24.o(.constdata)
    RX_ADDRESS                               0x0801312d   Data           5  drv_nrf24.o(.constdata)
    AHBPrescTable                            0x08013144   Data          16  system_stm32f4xx.o(.constdata)
    APBPrescTable                            0x08013154   Data           8  system_stm32f4xx.o(.constdata)
    __lowest_bit_bitmap                      0x0801341c   Data         256  kservice.o(.constdata)
    __fsym_list_mem_name                     0x08014691   Data           9  mem.o(.rodata.name)
    __fsym_list_mem_desc                     0x0801469a   Data          30  mem.o(.rodata.name)
    __fsym_pinMode_name                      0x080146b8   Data           8  pin.o(.rodata.name)
    __fsym_pinMode_desc                      0x080146c0   Data          22  pin.o(.rodata.name)
    __fsym_pinWrite_name                     0x080146d6   Data           9  pin.o(.rodata.name)
    __fsym_pinWrite_desc                     0x080146df   Data          28  pin.o(.rodata.name)
    __fsym_pinRead_name                      0x080146fb   Data           8  pin.o(.rodata.name)
    __fsym_pinRead_desc                      0x08014703   Data          30  pin.o(.rodata.name)
    __fsym___cmd_sf_name                     0x08014721   Data           9  spi_flash_sfud.o(.rodata.name)
    __fsym___cmd_sf_desc                     0x0801472a   Data          19  spi_flash_sfud.o(.rodata.name)
    __fsym_hello_name                        0x0801473d   Data           6  cmd.o(.rodata.name)
    __fsym_hello_desc                        0x08014743   Data          16  cmd.o(.rodata.name)
    __fsym_version_name                      0x08014753   Data           8  cmd.o(.rodata.name)
    __fsym_version_desc                      0x0801475b   Data          35  cmd.o(.rodata.name)
    __fsym___cmd_version_name                0x0801477e   Data          14  cmd.o(.rodata.name)
    __fsym___cmd_version_desc                0x0801478c   Data          35  cmd.o(.rodata.name)
    __fsym_list_thread_name                  0x080147af   Data          12  cmd.o(.rodata.name)
    __fsym_list_thread_desc                  0x080147bb   Data          12  cmd.o(.rodata.name)
    __fsym___cmd_list_thread_name            0x080147c7   Data          18  cmd.o(.rodata.name)
    __fsym___cmd_list_thread_desc            0x080147d9   Data          12  cmd.o(.rodata.name)
    __fsym_list_sem_name                     0x080147e5   Data           9  cmd.o(.rodata.name)
    __fsym_list_sem_desc                     0x080147ee   Data          25  cmd.o(.rodata.name)
    __fsym___cmd_list_sem_name               0x08014807   Data          15  cmd.o(.rodata.name)
    __fsym___cmd_list_sem_desc               0x08014816   Data          25  cmd.o(.rodata.name)
    __fsym_list_event_name                   0x0801482f   Data          11  cmd.o(.rodata.name)
    __fsym_list_event_desc                   0x0801483a   Data          21  cmd.o(.rodata.name)
    __fsym___cmd_list_event_name             0x0801484f   Data          17  cmd.o(.rodata.name)
    __fsym___cmd_list_event_desc             0x08014860   Data          21  cmd.o(.rodata.name)
    __fsym_list_mutex_name                   0x08014875   Data          11  cmd.o(.rodata.name)
    __fsym_list_mutex_desc                   0x08014880   Data          21  cmd.o(.rodata.name)
    __fsym___cmd_list_mutex_name             0x08014895   Data          17  cmd.o(.rodata.name)
    __fsym___cmd_list_mutex_desc             0x080148a6   Data          21  cmd.o(.rodata.name)
    __fsym_list_mailbox_name                 0x080148bb   Data          13  cmd.o(.rodata.name)
    __fsym_list_mailbox_desc                 0x080148c8   Data          24  cmd.o(.rodata.name)
    __fsym___cmd_list_mailbox_name           0x080148e0   Data          19  cmd.o(.rodata.name)
    __fsym___cmd_list_mailbox_desc           0x080148f3   Data          24  cmd.o(.rodata.name)
    __fsym_list_msgqueue_name                0x0801490b   Data          14  cmd.o(.rodata.name)
    __fsym_list_msgqueue_desc                0x08014919   Data          29  cmd.o(.rodata.name)
    __fsym___cmd_list_msgqueue_name          0x08014936   Data          20  cmd.o(.rodata.name)
    __fsym___cmd_list_msgqueue_desc          0x0801494a   Data          29  cmd.o(.rodata.name)
    __fsym_list_memheap_name                 0x08014967   Data          13  cmd.o(.rodata.name)
    __fsym_list_memheap_desc                 0x08014974   Data          27  cmd.o(.rodata.name)
    __fsym___cmd_list_memheap_name           0x0801498f   Data          19  cmd.o(.rodata.name)
    __fsym___cmd_list_memheap_desc           0x080149a2   Data          27  cmd.o(.rodata.name)
    __fsym_list_mempool_name                 0x080149bd   Data          13  cmd.o(.rodata.name)
    __fsym_list_mempool_desc                 0x080149ca   Data          27  cmd.o(.rodata.name)
    __fsym___cmd_list_mempool_name           0x080149e5   Data          19  cmd.o(.rodata.name)
    __fsym___cmd_list_mempool_desc           0x080149f8   Data          27  cmd.o(.rodata.name)
    __fsym_list_timer_name                   0x08014a13   Data          11  cmd.o(.rodata.name)
    __fsym_list_timer_desc                   0x08014a1e   Data          21  cmd.o(.rodata.name)
    __fsym___cmd_list_timer_name             0x08014a33   Data          17  cmd.o(.rodata.name)
    __fsym___cmd_list_timer_desc             0x08014a44   Data          21  cmd.o(.rodata.name)
    __fsym_list_device_name                  0x08014a59   Data          12  cmd.o(.rodata.name)
    __fsym_list_device_desc                  0x08014a65   Data          22  cmd.o(.rodata.name)
    __fsym___cmd_list_device_name            0x08014a7b   Data          18  cmd.o(.rodata.name)
    __fsym___cmd_list_device_desc            0x08014a8d   Data          22  cmd.o(.rodata.name)
    __fsym_list_name                         0x08014aa3   Data           5  cmd.o(.rodata.name)
    __fsym_list_desc                         0x08014aa8   Data          26  cmd.o(.rodata.name)
    __fsym___cmd_help_name                   0x08014ac2   Data          11  msh.o(.rodata.name)
    __fsym___cmd_help_desc                   0x08014acd   Data          22  msh.o(.rodata.name)
    __fsym___cmd_ps_name                     0x08014ae3   Data           9  msh_cmd.o(.rodata.name)
    __fsym___cmd_ps_desc                     0x08014aec   Data          28  msh_cmd.o(.rodata.name)
    __fsym___cmd_time_name                   0x08014b08   Data          11  msh_cmd.o(.rodata.name)
    __fsym___cmd_time_desc                   0x08014b13   Data          27  msh_cmd.o(.rodata.name)
    __fsym___cmd_free_name                   0x08014b2e   Data          11  msh_cmd.o(.rodata.name)
    __fsym___cmd_free_desc                   0x08014b39   Data          37  msh_cmd.o(.rodata.name)
    __rt_init_rti_start                      0x08014b60   Data           4  components.o(.rti_fn.0)
    __rt_init_rti_board_start                0x08014b64   Data           4  components.o(.rti_fn.0.end)
    __rt_init_rt_hw_pin_init                 0x08014b68   Data           4  drv_gpio.o(.rti_fn.1)
    __rt_init_hw_usart_init                  0x08014b6c   Data           4  drv_usart.o(.rti_fn.1)
    __rt_init_stm32_hw_spi_init              0x08014b70   Data           4  drv_spi.o(.rti_fn.1)
    __rt_init_rti_board_end                  0x08014b74   Data           4  components.o(.rti_fn.1.end)
    __rt_init_rt_i2c_core_init               0x08014b78   Data           4  i2c_core.o(.rti_fn.4)
    __rt_init_rt_led_init                    0x08014b7c   Data           4  bsp_led.o(.rti_fn.6)
    __rt_init_rt_button_init                 0x08014b80   Data           4  app_button_event.o(.rti_fn.6)
    __rt_init_rt_hw_nrf_init                 0x08014b84   Data           4  drv_nrf24.o(.rti_fn.6)
    __rt_init_multi_button_test              0x08014b88   Data           4  event_inquire.o(.rti_fn.6)
    __rt_init_finsh_system_init              0x08014b8c   Data           4  shell.o(.rti_fn.6)
    __rt_init_rti_end                        0x08014b90   Data           4  components.o(.rti_fn.6.end)
    FSymTab$$Base                            0x08014b94   Number         0  mem.o(FSymTab)
    __fsym_list_mem                          0x08014b94   Data          12  mem.o(FSymTab)
    __fsym_pinMode                           0x08014ba0   Data          12  pin.o(FSymTab)
    __fsym_pinWrite                          0x08014bac   Data          12  pin.o(FSymTab)
    __fsym_pinRead                           0x08014bb8   Data          12  pin.o(FSymTab)
    __fsym___cmd_sf                          0x08014bc4   Data          12  spi_flash_sfud.o(FSymTab)
    __fsym_hello                             0x08014bd0   Data          12  cmd.o(FSymTab)
    __fsym_version                           0x08014bdc   Data          12  cmd.o(FSymTab)
    __fsym___cmd_version                     0x08014be8   Data          12  cmd.o(FSymTab)
    __fsym_list_thread                       0x08014bf4   Data          12  cmd.o(FSymTab)
    __fsym___cmd_list_thread                 0x08014c00   Data          12  cmd.o(FSymTab)
    __fsym_list_sem                          0x08014c0c   Data          12  cmd.o(FSymTab)
    __fsym___cmd_list_sem                    0x08014c18   Data          12  cmd.o(FSymTab)
    __fsym_list_event                        0x08014c24   Data          12  cmd.o(FSymTab)
    __fsym___cmd_list_event                  0x08014c30   Data          12  cmd.o(FSymTab)
    __fsym_list_mutex                        0x08014c3c   Data          12  cmd.o(FSymTab)
    __fsym___cmd_list_mutex                  0x08014c48   Data          12  cmd.o(FSymTab)
    __fsym_list_mailbox                      0x08014c54   Data          12  cmd.o(FSymTab)
    __fsym___cmd_list_mailbox                0x08014c60   Data          12  cmd.o(FSymTab)
    __fsym_list_msgqueue                     0x08014c6c   Data          12  cmd.o(FSymTab)
    __fsym___cmd_list_msgqueue               0x08014c78   Data          12  cmd.o(FSymTab)
    __fsym_list_memheap                      0x08014c84   Data          12  cmd.o(FSymTab)
    __fsym___cmd_list_memheap                0x08014c90   Data          12  cmd.o(FSymTab)
    __fsym_list_mempool                      0x08014c9c   Data          12  cmd.o(FSymTab)
    __fsym___cmd_list_mempool                0x08014ca8   Data          12  cmd.o(FSymTab)
    __fsym_list_timer                        0x08014cb4   Data          12  cmd.o(FSymTab)
    __fsym___cmd_list_timer                  0x08014cc0   Data          12  cmd.o(FSymTab)
    __fsym_list_device                       0x08014ccc   Data          12  cmd.o(FSymTab)
    __fsym___cmd_list_device                 0x08014cd8   Data          12  cmd.o(FSymTab)
    __fsym_list                              0x08014ce4   Data          12  cmd.o(FSymTab)
    __fsym___cmd_help                        0x08014cf0   Data          12  msh.o(FSymTab)
    __fsym___cmd_ps                          0x08014cfc   Data          12  msh_cmd.o(FSymTab)
    __fsym___cmd_time                        0x08014d08   Data          12  msh_cmd.o(FSymTab)
    __fsym___cmd_free                        0x08014d14   Data          12  msh_cmd.o(FSymTab)
    FSymTab$$Limit                           0x08014d20   Number         0  msh_cmd.o(FSymTab)
    Region$$Table$$Base                      0x08014d20   Number         0  anon$$obj.o(Region$$Table)
    Region$$Table$$Limit                     0x08014d40   Number         0  anon$$obj.o(Region$$Table)
    __ctype                                  0x08014d4d   Data           0  lc_ctype_c.o(locale$$data)
    led_state                                0x20000004   Data           1  bsp_led.o(.data)
    tmp_buf                                  0x20000005   Data           1  app_nrf24l01.o(.data)
    pin_irq_hdr_tab                          0x20000008   Data         192  drv_gpio.o(.data)
    _spi1                                    0x200000c8   Data           8  drv_spi.o(.data)
    _spi2                                    0x200000d0   Data           8  drv_spi.o(.data)
    _spi3                                    0x200000d8   Data           8  drv_spi.o(.data)
    spi_cs                                   0x200000e0   Data           4  drv_nrf24.o(.data)
    SystemCoreClock                          0x200000e4   Data           4  system_stm32f4xx.o(.data)
    uwTick                                   0x200000e8   Data           4  stm32f4xx_hal.o(.data)
    rt_interrupt_nest                        0x20000100   Data           1  irq.o(.data)
    rt_assert_hook                           0x2000010c   Data           4  kservice.o(.data)
    rt_object_trytake_hook                   0x200001d8   Data           4  object.o(.data)
    rt_object_take_hook                      0x200001dc   Data           4  object.o(.data)
    rt_object_put_hook                       0x200001e0   Data           4  object.o(.data)
    rt_current_thread                        0x200001e8   Data           4  scheduler.o(.data)
    rt_current_priority                      0x200001ec   Data           1  scheduler.o(.data)
    rt_thread_ready_priority_group           0x200001f0   Data           4  scheduler.o(.data)
    rt_thread_defunct                        0x200001f4   Data           8  scheduler.o(.data)
    rt_interrupt_from_thread                 0x2000021c   Data           4  cpuport.o(.data)
    rt_interrupt_to_thread                   0x20000220   Data           4  cpuport.o(.data)
    rt_thread_switch_interrupt_flag          0x20000224   Data           4  cpuport.o(.data)
    shell                                    0x20000238   Data           4  shell.o(.data)
    _syscall_table_begin                     0x2000023c   Data           4  symbol.o(.data)
    _syscall_table_end                       0x20000240   Data           4  symbol.o(.data)
    _sysvar_table_begin                      0x20000244   Data           4  symbol.o(.data)
    _sysvar_table_end                        0x20000248   Data           4  symbol.o(.data)
    serial1                                  0x200002e4   Data          84  drv_usart.o(.bss)
    serial2                                  0x2000037c   Data          84  drv_usart.o(.bss)
    serial6                                  0x20000414   Data          84  drv_usart.o(.bss)
    _spi_bus1                                0x20000468   Data         108  drv_spi.o(.bss)
    _spi_bus2                                0x200004d4   Data         108  drv_spi.o(.bss)
    _spi_bus3                                0x20000540   Data         108  drv_spi.o(.bss)
    rt_thread_priority_table                 0x20000940   Data         256  scheduler.o(.bss)
    __libspace_start                         0x20001c7c   Data          96  libspace.o(.bss)
    __temporary_stack_top$libspace           0x20001cdc   Data           0  libspace.o(.bss)
    Image$$RW_IRAM1$$ZI$$Limit               0x200022e0   Number         0  anon$$obj.o ABSOLUTE



==============================================================================

Memory Map of the image

  Image Entry point : 0x080001ad

  Load Region LR_IROM1 (Base: 0x08000000, Size: 0x000150b8, Max: 0x00100000, ABSOLUTE, COMPRESSED[0x00014ed8])

    Execution Region ER_IROM1 (Base: 0x08000000, Size: 0x00014e6c, Max: 0x00100000, ABSOLUTE)

    Base Addr    Size         Type   Attr      Idx    E Section Name        Object

    0x08000000   0x000001ac   Data   RO          540    RESET               startup_stm32f429xx.o
    0x080001ac   0x00000008   Code   RO         2765  * !!!main             c_w.l(__main.o)
    0x080001b4   0x00000034   Code   RO         3109    !!!scatter          c_w.l(__scatter.o)
    0x080001e8   0x0000005a   Code   RO         3107    !!dczerorl2         c_w.l(__dczerorl2.o)
    0x08000242   0x00000002   PAD
    0x08000244   0x0000001c   Code   RO         3111    !!handler_zi        c_w.l(__scatter_zi.o)
    0x08000260   0x00000000   Code   RO         2860    .ARM.Collect$$_printf_percent$$00000000  c_w.l(_printf_percent.o)
    0x08000260   0x00000006   Code   RO         2849    .ARM.Collect$$_printf_percent$$00000001  c_w.l(_printf_n.o)
    0x08000266   0x00000006   Code   RO         2851    .ARM.Collect$$_printf_percent$$00000002  c_w.l(_printf_p.o)
    0x0800026c   0x00000006   Code   RO         2856    .ARM.Collect$$_printf_percent$$00000003  c_w.l(_printf_f.o)
    0x08000272   0x00000006   Code   RO         2857    .ARM.Collect$$_printf_percent$$00000004  c_w.l(_printf_e.o)
    0x08000278   0x00000006   Code   RO         2858    .ARM.Collect$$_printf_percent$$00000005  c_w.l(_printf_g.o)
    0x0800027e   0x00000006   Code   RO         2859    .ARM.Collect$$_printf_percent$$00000006  c_w.l(_printf_a.o)
    0x08000284   0x0000000a   Code   RO         2864    .ARM.Collect$$_printf_percent$$00000007  c_w.l(_printf_ll.o)
    0x0800028e   0x00000006   Code   RO         2853    .ARM.Collect$$_printf_percent$$00000008  c_w.l(_printf_i.o)
    0x08000294   0x00000006   Code   RO         2854    .ARM.Collect$$_printf_percent$$00000009  c_w.l(_printf_d.o)
    0x0800029a   0x00000006   Code   RO         2855    .ARM.Collect$$_printf_percent$$0000000A  c_w.l(_printf_u.o)
    0x080002a0   0x00000006   Code   RO         2852    .ARM.Collect$$_printf_percent$$0000000B  c_w.l(_printf_o.o)
    0x080002a6   0x00000006   Code   RO         2850    .ARM.Collect$$_printf_percent$$0000000C  c_w.l(_printf_x.o)
    0x080002ac   0x00000006   Code   RO         2861    .ARM.Collect$$_printf_percent$$0000000D  c_w.l(_printf_lli.o)
    0x080002b2   0x00000006   Code   RO         2862    .ARM.Collect$$_printf_percent$$0000000E  c_w.l(_printf_lld.o)
    0x080002b8   0x00000006   Code   RO         2863    .ARM.Collect$$_printf_percent$$0000000F  c_w.l(_printf_llu.o)
    0x080002be   0x00000006   Code   RO         2868    .ARM.Collect$$_printf_percent$$00000010  c_w.l(_printf_llo.o)
    0x080002c4   0x00000006   Code   RO         2869    .ARM.Collect$$_printf_percent$$00000011  c_w.l(_printf_llx.o)
    0x080002ca   0x0000000a   Code   RO         2865    .ARM.Collect$$_printf_percent$$00000012  c_w.l(_printf_l.o)
    0x080002d4   0x00000006   Code   RO         2847    .ARM.Collect$$_printf_percent$$00000013  c_w.l(_printf_c.o)
    0x080002da   0x00000006   Code   RO         2848    .ARM.Collect$$_printf_percent$$00000014  c_w.l(_printf_s.o)
    0x080002e0   0x00000006   Code   RO         2866    .ARM.Collect$$_printf_percent$$00000015  c_w.l(_printf_lc.o)
    0x080002e6   0x00000006   Code   RO         2867    .ARM.Collect$$_printf_percent$$00000016  c_w.l(_printf_ls.o)
    0x080002ec   0x00000004   Code   RO         2917    .ARM.Collect$$_printf_percent$$00000017  c_w.l(_printf_percent_end.o)
    0x080002f0   0x00000002   Code   RO         2975    .ARM.Collect$$libinit$$00000000  c_w.l(libinit.o)
    0x080002f2   0x00000004   Code   RO         2989    .ARM.Collect$$libinit$$00000001  c_w.l(libinit2.o)
    0x080002f6   0x00000000   Code   RO         2992    .ARM.Collect$$libinit$$00000004  c_w.l(libinit2.o)
    0x080002f6   0x00000000   Code   RO         2995    .ARM.Collect$$libinit$$0000000A  c_w.l(libinit2.o)
    0x080002f6   0x00000000   Code   RO         2997    .ARM.Collect$$libinit$$0000000C  c_w.l(libinit2.o)
    0x080002f6   0x00000000   Code   RO         2999    .ARM.Collect$$libinit$$0000000E  c_w.l(libinit2.o)
    0x080002f6   0x00000006   Code   RO         3000    .ARM.Collect$$libinit$$0000000F  c_w.l(libinit2.o)
    0x080002fc   0x00000000   Code   RO         3002    .ARM.Collect$$libinit$$00000011  c_w.l(libinit2.o)
    0x080002fc   0x0000000c   Code   RO         3003    .ARM.Collect$$libinit$$00000012  c_w.l(libinit2.o)
    0x08000308   0x00000000   Code   RO         3004    .ARM.Collect$$libinit$$00000013  c_w.l(libinit2.o)
    0x08000308   0x00000000   Code   RO         3006    .ARM.Collect$$libinit$$00000015  c_w.l(libinit2.o)
    0x08000308   0x0000000a   Code   RO         3007    .ARM.Collect$$libinit$$00000016  c_w.l(libinit2.o)
    0x08000312   0x00000000   Code   RO         3008    .ARM.Collect$$libinit$$00000017  c_w.l(libinit2.o)
    0x08000312   0x00000000   Code   RO         3010    .ARM.Collect$$libinit$$00000019  c_w.l(libinit2.o)
    0x08000312   0x00000000   Code   RO         3012    .ARM.Collect$$libinit$$0000001B  c_w.l(libinit2.o)
    0x08000312   0x00000000   Code   RO         3014    .ARM.Collect$$libinit$$0000001D  c_w.l(libinit2.o)
    0x08000312   0x00000000   Code   RO         3016    .ARM.Collect$$libinit$$0000001F  c_w.l(libinit2.o)
    0x08000312   0x00000000   Code   RO         3018    .ARM.Collect$$libinit$$00000021  c_w.l(libinit2.o)
    0x08000312   0x00000000   Code   RO         3020    .ARM.Collect$$libinit$$00000023  c_w.l(libinit2.o)
    0x08000312   0x00000000   Code   RO         3022    .ARM.Collect$$libinit$$00000025  c_w.l(libinit2.o)
    0x08000312   0x00000000   Code   RO         3026    .ARM.Collect$$libinit$$0000002C  c_w.l(libinit2.o)
    0x08000312   0x00000000   Code   RO         3028    .ARM.Collect$$libinit$$0000002E  c_w.l(libinit2.o)
    0x08000312   0x00000000   Code   RO         3030    .ARM.Collect$$libinit$$00000030  c_w.l(libinit2.o)
    0x08000312   0x00000000   Code   RO         3032    .ARM.Collect$$libinit$$00000032  c_w.l(libinit2.o)
    0x08000312   0x00000002   Code   RO         3033    .ARM.Collect$$libinit$$00000033  c_w.l(libinit2.o)
    0x08000314   0x00000002   Code   RO         3064    .ARM.Collect$$libshutdown$$00000000  c_w.l(libshutdown.o)
    0x08000316   0x00000000   Code   RO         3090    .ARM.Collect$$libshutdown$$00000002  c_w.l(libshutdown2.o)
    0x08000316   0x00000000   Code   RO         3092    .ARM.Collect$$libshutdown$$00000004  c_w.l(libshutdown2.o)
    0x08000316   0x00000000   Code   RO         3095    .ARM.Collect$$libshutdown$$00000007  c_w.l(libshutdown2.o)
    0x08000316   0x00000000   Code   RO         3098    .ARM.Collect$$libshutdown$$0000000A  c_w.l(libshutdown2.o)
    0x08000316   0x00000000   Code   RO         3100    .ARM.Collect$$libshutdown$$0000000C  c_w.l(libshutdown2.o)
    0x08000316   0x00000000   Code   RO         3103    .ARM.Collect$$libshutdown$$0000000F  c_w.l(libshutdown2.o)
    0x08000316   0x00000002   Code   RO         3104    .ARM.Collect$$libshutdown$$00000010  c_w.l(libshutdown2.o)
    0x08000318   0x00000000   Code   RO         2767    .ARM.Collect$$rtentry$$00000000  c_w.l(__rtentry.o)
    0x08000318   0x00000000   Code   RO         2884    .ARM.Collect$$rtentry$$00000002  c_w.l(__rtentry2.o)
    0x08000318   0x00000006   Code   RO         2896    .ARM.Collect$$rtentry$$00000004  c_w.l(__rtentry4.o)
    0x0800031e   0x00000000   Code   RO         2886    .ARM.Collect$$rtentry$$00000009  c_w.l(__rtentry2.o)
    0x0800031e   0x00000004   Code   RO         2887    .ARM.Collect$$rtentry$$0000000A  c_w.l(__rtentry2.o)
    0x08000322   0x00000000   Code   RO         2889    .ARM.Collect$$rtentry$$0000000C  c_w.l(__rtentry2.o)
    0x08000322   0x00000008   Code   RO         2890    .ARM.Collect$$rtentry$$0000000D  c_w.l(__rtentry2.o)
    0x0800032a   0x00000002   Code   RO         2981    .ARM.Collect$$rtexit$$00000000  c_w.l(rtexit.o)
    0x0800032c   0x00000000   Code   RO         3037    .ARM.Collect$$rtexit$$00000002  c_w.l(rtexit2.o)
    0x0800032c   0x00000004   Code   RO         3038    .ARM.Collect$$rtexit$$00000003  c_w.l(rtexit2.o)
    0x08000330   0x00000006   Code   RO         3039    .ARM.Collect$$rtexit$$00000004  c_w.l(rtexit2.o)
    0x08000336   0x00000002   PAD
    0x08000338   0x00000104   Code   RO            1    .text               bsp_led.o
    0x0800043c   0x00000004   Code   RO          133    .text               main.o
    0x08000440   0x00000094   Code   RO          273    .text               app_button_event.o
    0x080004d4   0x00000068   Code   RO          306    .text               app_nrf24l01.o
    0x0800053c   0x000001b8   Code   RO          333    .text               board.o
    0x080006f4   0x00000010   Code   RO          357    .text               stm32f4xx_it.o
    0x08000704   0x0000061c   Code   RO          381    .text               drv_gpio.o
    0x08000d20   0x000004f4   Code   RO          413    .text               drv_usart.o
    0x08001214   0x00000658   Code   RO          449    .text               drv_spi.o
    0x0800186c   0x00000304   Code   RO          479    .text               drv_nrf24.o
    0x08001b70   0x00000120   Code   RO          510    .text               system_stm32f4xx.o
    0x08001c90   0x00000040   Code   RO          541    .text               startup_stm32f429xx.o
    0x08001cd0   0x000001b8   Code   RO          548    .text               stm32f4xx_hal.o
    0x08001e88   0x00000384   Code   RO          647    .text               stm32f4xx_hal_cortex.o
    0x0800220c   0x000008ac   Code   RO          819    .text               stm32f4xx_hal_dma.o
    0x08002ab8   0x000003dc   Code   RO         1028    .text               stm32f4xx_hal_gpio.o
    0x08002e94   0x000002e8   Code   RO         1406    .text               stm32f4xx_hal_pwr_ex.o
    0x0800317c   0x0000089c   Code   RO         1448    .text               stm32f4xx_hal_rcc.o
    0x08003a18   0x00001658   Code   RO         1658    .text               stm32f4xx_hal_spi.o
    0x08005070   0x000013ae   Code   RO         1748    .text               stm32f4xx_hal_uart.o
    0x0800641e   0x00000002   PAD
    0x08006420   0x000002d0   Code   RO         1969    .text               multi_button.o
    0x080066f0   0x00000174   Code   RO         1986    .text               event_inquire.o
    0x08006864   0x0000006c   Code   RO         2002    .text               clock.o
    0x080068d0   0x000000d8   Code   RO         2016    .text               components.o
    0x080069a8   0x0000039c   Code   RO         2035    .text               device.o
    0x08006d44   0x00000148   Code   RO         2048    .text               idle.o
    0x08006e8c   0x0000165c   Code   RO         2068    .text               ipc.o
    0x080084e8   0x0000007c   Code   RO         2085    .text               irq.o
    0x08008564   0x00000ab0   Code   RO         2100    .text               kservice.o
    0x08009014   0x000008f4   Code   RO         2120    .text               mem.o
    0x08009908   0x00000348   Code   RO         2178    .text               object.o
    0x08009c50   0x00000304   Code   RO         2197    .text               scheduler.o
    0x08009f54   0x00000690   Code   RO         2230    .text               thread.o
    0x0800a5e4   0x0000045c   Code   RO         2249    .text               timer.o
    0x0800aa40   0x00000190   Code   RO         2268    .text               cpuport.o
    0x0800abd0   0x00000110   Code   RO         2284    .text               context_rvds.o
    0x0800ace0   0x00000148   Code   RO         2335    .text               i2c_core.o
    0x0800ae28   0x00000184   Code   RO         2351    .text               i2c_dev.o
    0x0800afac   0x00000250   Code   RO         2378    .text               pin.o
    0x0800b1fc   0x00000c84   Code   RO         2396    .text               serial.o
    0x0800be80   0x00000608   Code   RO         2412    .text               spi_core.o
    0x0800c488   0x0000020c   Code   RO         2434    .text               spi_dev.o
    0x0800c694   0x00000e44   Code   RO         2447    .text               spi_flash_sfud.o
    0x0800d4d8   0x00000c78   Code   RO         2491    .text               sfud.o
    0x0800e150   0x00000510   Code   RO         2523    .text               sfud_sfdp.o
    0x0800e660   0x000001cc   Code   RO         2536    .text               completion.o
    0x0800e82c   0x00000428   Code   RO         2552    .text               dataqueue.o
    0x0800ec54   0x000008d4   Code   RO         2630    .text               shell.o
    0x0800f528   0x00000c04   Code   RO         2671    .text               cmd.o
    0x0801012c   0x00000368   Code   RO         2692    .text               msh.o
    0x08010494   0x00000022   Code   RO         2709    .text               msh_cmd.o
    0x080104b6   0x000000ee   Code   RO         2733    .text               c_w.l(lludivv7m.o)
    0x080105a4   0x00000034   Code   RO         2735    .text               c_w.l(vsnprintf.o)
    0x080105d8   0x0000001a   Code   RO         2737    .text               c_w.l(atoi.o)
    0x080105f2   0x0000001a   Code   RO         2739    .text               c_w.l(atol.o)
    0x0801060c   0x00000058   Code   RO         2741    .text               c_w.l(memcmp.o)
    0x08010664   0x00000048   Code   RO         2743    .text               c_w.l(strcpy.o)
    0x080106ac   0x0000003e   Code   RO         2745    .text               c_w.l(strlen.o)
    0x080106ea   0x00000096   Code   RO         2747    .text               c_w.l(strncmp.o)
    0x08010780   0x00000018   Code   RO         2749    .text               c_w.l(strcat.o)
    0x08010798   0x0000008a   Code   RO         2751    .text               c_w.l(rt_memcpy_v6.o)
    0x08010822   0x00000064   Code   RO         2753    .text               c_w.l(rt_memcpy_w.o)
    0x08010886   0x00000010   Code   RO         2755    .text               c_w.l(aeabi_memset.o)
    0x08010896   0x00000044   Code   RO         2757    .text               c_w.l(rt_memclr.o)
    0x080108da   0x0000004e   Code   RO         2759    .text               c_w.l(rt_memclr_w.o)
    0x08010928   0x00000080   Code   RO         2761    .text               c_w.l(strcmpv7m.o)
    0x080109a8   0x00000006   Code   RO         2763    .text               c_w.l(heapauxi.o)
    0x080109ae   0x00000002   PAD
    0x080109b0   0x00000008   Code   RO         2775    .text               c_w.l(rt_errno_addr_intlibspace.o)
    0x080109b8   0x0000004e   Code   RO         2779    .text               c_w.l(_printf_pad.o)
    0x08010a06   0x00000024   Code   RO         2781    .text               c_w.l(_printf_truncate.o)
    0x08010a2a   0x00000052   Code   RO         2783    .text               c_w.l(_printf_str.o)
    0x08010a7c   0x00000078   Code   RO         2785    .text               c_w.l(_printf_dec.o)
    0x08010af4   0x00000028   Code   RO         2787    .text               c_w.l(_printf_charcount.o)
    0x08010b1c   0x00000030   Code   RO         2789    .text               c_w.l(_printf_char_common.o)
    0x08010b4c   0x0000000a   Code   RO         2791    .text               c_w.l(_sputc.o)
    0x08010b56   0x00000010   Code   RO         2793    .text               c_w.l(_snputc.o)
    0x08010b66   0x00000002   PAD
    0x08010b68   0x000000bc   Code   RO         2795    .text               c_w.l(_printf_wctomb.o)
    0x08010c24   0x0000007c   Code   RO         2798    .text               c_w.l(_printf_longlong_dec.o)
    0x08010ca0   0x00000070   Code   RO         2804    .text               c_w.l(_printf_oct_int_ll.o)
    0x08010d10   0x00000094   Code   RO         2824    .text               c_w.l(_printf_hex_int_ll_ptr.o)
    0x08010da4   0x00000188   Code   RO         2844    .text               c_w.l(__printf_flags_ss_wp.o)
    0x08010f2c   0x00000070   Code   RO         2870    .text               c_w.l(strtol.o)
    0x08010f9c   0x00000008   Code   RO         2880    .text               c_w.l(libspace.o)
    0x08010fa4   0x00000010   Code   RO         2898    .text               c_w.l(rt_ctype_table.o)
    0x08010fb4   0x0000008a   Code   RO         2902    .text               c_w.l(lludiv10.o)
    0x0801103e   0x000000b2   Code   RO         2904    .text               c_w.l(_printf_intcommon.o)
    0x080110f0   0x0000041a   Code   RO         2906    .text               c_w.l(_printf_fp_dec.o)
    0x0801150a   0x00000002   PAD
    0x0801150c   0x000002fc   Code   RO         2908    .text               c_w.l(_printf_fp_hex.o)
    0x08011808   0x0000002c   Code   RO         2913    .text               c_w.l(_printf_char.o)
    0x08011834   0x0000002c   Code   RO         2915    .text               c_w.l(_printf_wchar.o)
    0x08011860   0x0000009e   Code   RO         2918    .text               c_w.l(_strtoul.o)
    0x080118fe   0x00000040   Code   RO         2920    .text               c_w.l(_wcrtomb.o)
    0x0801193e   0x0000004a   Code   RO         2922    .text               c_w.l(sys_stackheap_outer.o)
    0x08011988   0x00000008   Code   RO         2927    .text               c_w.l(rt_locale_intlibspace.o)
    0x08011990   0x00000080   Code   RO         2929    .text               c_w.l(_printf_fp_infnan.o)
    0x08011a10   0x0000001c   Code   RO         2931    .text               c_w.l(_chval.o)
    0x08011a2c   0x000000dc   Code   RO         2933    .text               c_w.l(bigflt0.o)
    0x08011b08   0x00000012   Code   RO         2964    .text               c_w.l(exit.o)
    0x08011b1a   0x00000002   PAD
    0x08011b1c   0x0000000c   Code   RO         3034    .text               c_w.l(sys_exit.o)
    0x08011b28   0x00000002   Code   RO         3053    .text               c_w.l(use_no_semi.o)
    0x08011b2a   0x00000000   Code   RO         3055    .text               c_w.l(indicate_semi.o)
    0x08011b2a   0x0000003e   Code   RO         2936    CL$$btod_d2e        c_w.l(btod.o)
    0x08011b68   0x00000046   Code   RO         2938    CL$$btod_d2e_denorm_low  c_w.l(btod.o)
    0x08011bae   0x00000060   Code   RO         2937    CL$$btod_d2e_norm_op1  c_w.l(btod.o)
    0x08011c0e   0x00000338   Code   RO         2946    CL$$btod_div_common  c_w.l(btod.o)
    0x08011f46   0x000000c6   Code   RO         2943    CL$$btod_e2e        c_w.l(btod.o)
    0x0801200c   0x00000028   Code   RO         2940    CL$$btod_ediv       c_w.l(btod.o)
    0x08012034   0x00000028   Code   RO         2939    CL$$btod_emul       c_w.l(btod.o)
    0x0801205c   0x00000244   Code   RO         2945    CL$$btod_mult_common  c_w.l(btod.o)
    0x080122a0   0x00000030   Code   RO         2979    i.__ARM_fpclassify  m_wm.l(fpclassify.o)
    0x080122d0   0x0000000e   Code   RO         2837    i._is_digit         c_w.l(__printf_wp.o)
    0x080122de   0x00000002   PAD
    0x080122e0   0x0000002c   Code   RO         2959    locale$$code        c_w.l(lc_ctype_c.o)
    0x0801230c   0x0000002c   Code   RO         2962    locale$$code        c_w.l(lc_numeric_c.o)
    0x08012338   0x0000000a   Code   RO         3049    x$fpl$fpinit        fz_wm.l(fpinit.o)
    0x08012342   0x00000004   Code   RO         2872    x$fpl$printf1       fz_wm.l(printf1.o)
    0x08012346   0x00000004   Code   RO         2874    x$fpl$printf2       fz_wm.l(printf2.o)
    0x0801234a   0x00000000   Code   RO         2978    x$fpl$usenofp       fz_wm.l(usenofp.o)
    0x0801234a   0x00000002   PAD
    0x0801234c   0x00000d68   Data   RO          382    .constdata          drv_gpio.o
    0x080130b4   0x00000048   Data   RO          415    .constdata          drv_usart.o
    0x080130fc   0x0000002c   Data   RO          451    .constdata          drv_spi.o
    0x08013128   0x0000001c   Data   RO          481    .constdata          drv_nrf24.o
    0x08013144   0x00000018   Data   RO          511    .constdata          system_stm32f4xx.o
    0x0801315c   0x00000008   Data   RO          820    .constdata          stm32f4xx_hal_dma.o
    0x08013164   0x00000014   Data   RO         2017    .constdata          components.o
    0x08013178   0x000000b7   Data   RO         2036    .constdata          device.o
    0x0801322f   0x00000016   Data   RO         2050    .constdata          idle.o
    0x08013245   0x000001d7   Data   RO         2069    .constdata          ipc.o
    0x0801341c   0x00000122   Data   RO         2102    .constdata          kservice.o
    0x0801353e   0x00000046   Data   RO         2122    .constdata          mem.o
    0x08013584   0x0000006d   Data   RO         2179    .constdata          object.o
    0x080135f1   0x0000004e   Data   RO         2199    .constdata          scheduler.o
    0x0801363f   0x000000b9   Data   RO         2231    .constdata          thread.o
    0x080136f8   0x0000005c   Data   RO         2250    .constdata          timer.o
    0x08013754   0x00000013   Data   RO         2269    .constdata          cpuport.o
    0x08013767   0x00000013   Data   RO         2336    .constdata          i2c_core.o
    0x0801377a   0x0000005e   Data   RO         2352    .constdata          i2c_dev.o
    0x080137d8   0x0000007e   Data   RO         2380    .constdata          pin.o
    0x08013856   0x0000012a   Data   RO         2397    .constdata          serial.o
    0x08013980   0x000000a3   Data   RO         2413    .constdata          spi_core.o
    0x08013a23   0x00000081   Data   RO         2435    .constdata          spi_dev.o
    0x08013aa4   0x0000006c   Data   RO         2449    .constdata          spi_flash_sfud.o
    0x08013b10   0x000001e0   Data   RO         2493    .constdata          sfud.o
    0x08013cf0   0x00000039   Data   RO         2537    .constdata          completion.o
    0x08013d29   0x0000004b   Data   RO         2553    .constdata          dataqueue.o
    0x08013d74   0x0000005b   Data   RO         2632    .constdata          shell.o
    0x08013dcf   0x00000001   PAD
    0x08013dd0   0x00000050   Data   RO         2672    .constdata          cmd.o
    0x08013e20   0x0000000e   Data   RO         2693    .constdata          msh.o
    0x08013e2e   0x00000002   PAD
    0x08013e30   0x00000008   Data   RO         2796    .constdata          c_w.l(_printf_wctomb.o)
    0x08013e38   0x00000028   Data   RO         2825    .constdata          c_w.l(_printf_hex_int_ll_ptr.o)
    0x08013e60   0x00000011   Data   RO         2845    .constdata          c_w.l(__printf_flags_ss_wp.o)
    0x08013e71   0x00000026   Data   RO         2909    .constdata          c_w.l(_printf_fp_hex.o)
    0x08013e97   0x00000001   PAD
    0x08013e98   0x00000094   Data   RO         2934    .constdata          c_w.l(bigflt0.o)
    0x08013f2c   0x000000ed   Data   RO         2123    .conststring        mem.o
    0x08014019   0x00000003   PAD
    0x0801401c   0x000002c1   Data   RO         2450    .conststring        spi_flash_sfud.o
    0x080142dd   0x00000003   PAD
    0x080142e0   0x00000114   Data   RO         2494    .conststring        sfud.o
    0x080143f4   0x0000013f   Data   RO         2524    .conststring        sfud_sfdp.o
    0x08014533   0x00000001   PAD
    0x08014534   0x0000015d   Data   RO         2673    .conststring        cmd.o
    0x08014691   0x00000027   Data   RO         2125    .rodata.name        mem.o
    0x080146b8   0x00000069   Data   RO         2381    .rodata.name        pin.o
    0x08014721   0x0000001c   Data   RO         2452    .rodata.name        spi_flash_sfud.o
    0x0801473d   0x00000385   Data   RO         2674    .rodata.name        cmd.o
    0x08014ac2   0x00000021   Data   RO         2694    .rodata.name        msh.o
    0x08014ae3   0x0000007b   Data   RO         2710    .rodata.name        msh_cmd.o
    0x08014b5e   0x00000002   PAD
    0x08014b60   0x00000004   Data   RO         2018    .rti_fn.0           components.o
    0x08014b64   0x00000004   Data   RO         2019    .rti_fn.0.end       components.o
    0x08014b68   0x00000004   Data   RO          384    .rti_fn.1           drv_gpio.o
    0x08014b6c   0x00000004   Data   RO          416    .rti_fn.1           drv_usart.o
    0x08014b70   0x00000004   Data   RO          453    .rti_fn.1           drv_spi.o
    0x08014b74   0x00000004   Data   RO         2020    .rti_fn.1.end       components.o
    0x08014b78   0x00000004   Data   RO         2337    .rti_fn.4           i2c_core.o
    0x08014b7c   0x00000004   Data   RO            4    .rti_fn.6           bsp_led.o
    0x08014b80   0x00000004   Data   RO          276    .rti_fn.6           app_button_event.o
    0x08014b84   0x00000004   Data   RO          483    .rti_fn.6           drv_nrf24.o
    0x08014b88   0x00000004   Data   RO         1988    .rti_fn.6           event_inquire.o
    0x08014b8c   0x00000004   Data   RO         2634    .rti_fn.6           shell.o
    0x08014b90   0x00000004   Data   RO         2021    .rti_fn.6.end       components.o
    0x08014b94   0x0000000c   Data   RO         2126    FSymTab             mem.o
    0x08014ba0   0x00000024   Data   RO         2382    FSymTab             pin.o
    0x08014bc4   0x0000000c   Data   RO         2453    FSymTab             spi_flash_sfud.o
    0x08014bd0   0x00000120   Data   RO         2675    FSymTab             cmd.o
    0x08014cf0   0x0000000c   Data   RO         2695    FSymTab             msh.o
    0x08014cfc   0x00000024   Data   RO         2711    FSymTab             msh_cmd.o
    0x08014d20   0x00000020   Data   RO         3105    Region$$Table       anon$$obj.o
    0x08014d40   0x00000110   Data   RO         2958    locale$$data        c_w.l(lc_ctype_c.o)
    0x08014e50   0x0000001c   Data   RO         2961    locale$$data        c_w.l(lc_numeric_c.o)


    Execution Region RW_IRAM1 (Base: 0x20000000, Size: 0x000022e0, Max: 0x00020000, ABSOLUTE, COMPRESSED[0x0000006c])

    Base Addr    Size         Type   Attr      Idx    E Section Name        Object

    0x20000000   0x00000005   Data   RW            3    .data               bsp_led.o
    0x20000005   0x00000001   Data   RW          307    .data               app_nrf24l01.o
    0x20000006   0x00000002   PAD
    0x20000008   0x000000c0   Data   RW          383    .data               drv_gpio.o
    0x200000c8   0x00000018   Data   RW          452    .data               drv_spi.o
    0x200000e0   0x00000004   Data   RW          482    .data               drv_nrf24.o
    0x200000e4   0x00000004   Data   RW          512    .data               system_stm32f4xx.o
    0x200000e8   0x00000004   Data   RW          549    .data               stm32f4xx_hal.o
    0x200000ec   0x00000004   Data   RW         1970    .data               multi_button.o
    0x200000f0   0x00000004   Data   RW         2003    .data               clock.o
    0x200000f4   0x00000004   Data   RW         2051    .data               idle.o
    0x200000f8   0x00000009   Data   RW         2086    .data               irq.o
    0x20000101   0x00000003   PAD
    0x20000104   0x0000000c   Data   RW         2103    .data               kservice.o
    0x20000110   0x00000020   Data   RW         2124    .data               mem.o
    0x20000130   0x000000b4   Data   RW         2180    .data               object.o
    0x200001e4   0x0000001c   Data   RW         2200    .data               scheduler.o
    0x20000200   0x0000000c   Data   RW         2232    .data               thread.o
    0x2000020c   0x00000010   Data   RW         2251    .data               timer.o
    0x2000021c   0x00000010   Data   RW         2270    .data               cpuport.o
    0x2000022c   0x0000000c   Data   RW         2451    .data               spi_flash_sfud.o
    0x20000238   0x00000004   Data   RW         2633    .data               shell.o
    0x2000023c   0x00000010   Data   RW         2655    .data               symbol.o
    0x2000024c   0x0000002c   Zero   RW            2    .bss                bsp_led.o
    0x20000278   0x00000028   Zero   RW          274    .bss                app_button_event.o
    0x200002a0   0x000001c8   Zero   RW          414    .bss                drv_usart.o
    0x20000468   0x00000144   Zero   RW          450    .bss                drv_spi.o
    0x200005ac   0x0000004c   Zero   RW          480    .bss                drv_nrf24.o
    0x200005f8   0x00000028   Zero   RW         1987    .bss                event_inquire.o
    0x20000620   0x00000280   Zero   RW         2049    .bss                idle.o
    0x200008a0   0x00000080   Zero   RW         2101    .bss                kservice.o
    0x20000920   0x00000020   Zero   RW         2121    .bss                mem.o
    0x20000940   0x00000100   Zero   RW         2198    .bss                scheduler.o
    0x20000a40   0x00000044   Zero   RW         2379    .bss                pin.o
    0x20000a84   0x00000080   Zero   RW         2448    .bss                spi_flash_sfud.o
    0x20000b04   0x00000074   Zero   RW         2492    .bss                sfud.o
    0x20000b78   0x00001101   Zero   RW         2631    .bss                shell.o
    0x20001c79   0x00000003   PAD
    0x20001c7c   0x00000060   Zero   RW         2881    .bss                c_w.l(libspace.o)
    0x20001cdc   0x00000004   PAD
    0x20001ce0   0x00000200   Zero   RW          539    HEAP                startup_stm32f429xx.o
    0x20001ee0   0x00000400   Zero   RW          538    STACK               startup_stm32f429xx.o


==============================================================================

Image component sizes


      Code (inc. data)   RO Data    RW Data    ZI Data      Debug   Object Name

       148         16          4          0         40       1674   app_button_event.o
       104         64          0          1          0        793   app_nrf24l01.o
       440         42          0          0          0       2339   board.o
       260         70          4          5         44      26496   bsp_led.o
       108          6          0          4          0       1632   clock.o
      3076       1336       1618          0          0      14415   cmd.o
       460        128         57          0          0       4275   completion.o
       216         42         36          0          0       2562   components.o
       272         26          0          0          0        812   context_rvds.o
       400        188         19         16          0       3751   cpuport.o
      1064        118         75          0          0       4833   dataqueue.o
       924        158        183          0          0       5406   device.o
      1564         40       3436        192          0       8202   drv_gpio.o
       772        134         32          4         76       3464   drv_nrf24.o
      1624        214         48         24        324       5445   drv_spi.o
      1268        164         76          0        456      30955   drv_usart.o
       372        192          4          0         40       1848   event_inquire.o
       328         36         23          0          0       3292   i2c_core.o
       388         64         94          0          0       2528   i2c_dev.o
       328         76         22          4        640       4565   idle.o
      5724        422        471          0          0      21539   ipc.o
       124         14          0          9          0       1944   irq.o
      2736        228        290         12        128      12480   kservice.o
         4          0          0          0          0     716623   main.o
      2292        644        358         32         32       5595   mem.o
       872        136         59          0          0       4324   msh.o
        34          0        159          0          0       2303   msh_cmd.o
       720         10          0          4          0       3142   multi_button.o
       840        182        109        180          0       7708   object.o
       592         94        267          0         68       5051   pin.o
       772        150         78         28        256       6217   scheduler.o
      3204        412        298          0          0       9765   serial.o
      3192        712        756          0        116      16915   sfud.o
      1296        316        319          0          0       4011   sfud_sfdp.o
      2260        228         95          4       4353       5981   shell.o
      1544        114        163          0          0       5814   spi_core.o
       524        148        129          0          0       3491   spi_dev.o
      3652       1314        853         12        128      16815   spi_flash_sfud.o
        64         26        428          0       1536        936   startup_stm32f429xx.o
       440         36          0          4          0       5345   stm32f4xx_hal.o
       900         22          0          0          0      32494   stm32f4xx_hal_cortex.o
      2220         26          8          0          0       7161   stm32f4xx_hal_dma.o
       988         54          0          0          0       3675   stm32f4xx_hal_gpio.o
       744         20          0          0          0       3755   stm32f4xx_hal_pwr_ex.o
      2204         66          0          0          0       5223   stm32f4xx_hal_rcc.o
      5720        110          0          0          0      17721   stm32f4xx_hal_spi.o
      5038         50          0          0          0      16168   stm32f4xx_hal_uart.o
        16          0          0          0          0        856   stm32f4xx_it.o
         0          0          0         16          0       5017   symbol.o
       288         32         24          4          0       1809   system_stm32f4xx.o
      1680        296        185         12          0       9917   thread.o
      1116        100         92         16          0       8283   timer.o

    ----------------------------------------------------------------------
     65918       9076      10916        588       8240    1097365   Object Totals
         0          0         32          0          0          0   (incl. Generated)
         2          0         12          5          3          0   (incl. Padding)

    ----------------------------------------------------------------------

      Code (inc. data)   RO Data    RW Data    ZI Data      Debug   Library Member Name

        90          0          0          0          0          0   __dczerorl2.o
         8          0          0          0          0         68   __main.o
       392          4         17          0          0         92   __printf_flags_ss_wp.o
        14          0          0          0          0         68   __printf_wp.o
         0          0          0          0          0          0   __rtentry.o
        12          0          0          0          0          0   __rtentry2.o
         6          0          0          0          0          0   __rtentry4.o
        52          8          0          0          0          0   __scatter.o
        28          0          0          0          0          0   __scatter_zi.o
        28          0          0          0          0         68   _chval.o
         6          0          0          0          0          0   _printf_a.o
         6          0          0          0          0          0   _printf_c.o
        44          0          0          0          0        108   _printf_char.o
        48          6          0          0          0         96   _printf_char_common.o
        40          0          0          0          0         68   _printf_charcount.o
         6          0          0          0          0          0   _printf_d.o
       120         16          0          0          0         92   _printf_dec.o
         6          0          0          0          0          0   _printf_e.o
         6          0          0          0          0          0   _printf_f.o
      1050          0          0          0          0        216   _printf_fp_dec.o
       764          8         38          0          0        100   _printf_fp_hex.o
       128         16          0          0          0         84   _printf_fp_infnan.o
         6          0          0          0          0          0   _printf_g.o
       148          4         40          0          0        160   _printf_hex_int_ll_ptr.o
         6          0          0          0          0          0   _printf_i.o
       178          0          0          0          0         88   _printf_intcommon.o
        10          0          0          0          0          0   _printf_l.o
         6          0          0          0          0          0   _printf_lc.o
        10          0          0          0          0          0   _printf_ll.o
         6          0          0          0          0          0   _printf_lld.o
         6          0          0          0          0          0   _printf_lli.o
         6          0          0          0          0          0   _printf_llo.o
         6          0          0          0          0          0   _printf_llu.o
         6          0          0          0          0          0   _printf_llx.o
       124         16          0          0          0         92   _printf_longlong_dec.o
         6          0          0          0          0          0   _printf_ls.o
         6          0          0          0          0          0   _printf_n.o
         6          0          0          0          0          0   _printf_o.o
       112         10          0          0          0        124   _printf_oct_int_ll.o
         6          0          0          0          0          0   _printf_p.o
        78          0          0          0          0        108   _printf_pad.o
         0          0          0          0          0          0   _printf_percent.o
         4          0          0          0          0          0   _printf_percent_end.o
         6          0          0          0          0          0   _printf_s.o
        82          0          0          0          0         80   _printf_str.o
        36          0          0          0          0         84   _printf_truncate.o
         6          0          0          0          0          0   _printf_u.o
        44          0          0          0          0        108   _printf_wchar.o
       188          6          8          0          0         92   _printf_wctomb.o
         6          0          0          0          0          0   _printf_x.o
        16          0          0          0          0         68   _snputc.o
        10          0          0          0          0         68   _sputc.o
       158          0          0          0          0         92   _strtoul.o
        64          0          0          0          0         92   _wcrtomb.o
        16          0          0          0          0         68   aeabi_memset.o
        26          0          0          0          0         80   atoi.o
        26          0          0          0          0         80   atol.o
       220          4        148          0          0         96   bigflt0.o
      1910        128          0          0          0        672   btod.o
        18          0          0          0          0         80   exit.o
         6          0          0          0          0        152   heapauxi.o
         0          0          0          0          0          0   indicate_semi.o
        44         10        272          0          0         76   lc_ctype_c.o
        44         10         28          0          0         76   lc_numeric_c.o
         2          0          0          0          0          0   libinit.o
        34          0          0          0          0          0   libinit2.o
         2          0          0          0          0          0   libshutdown.o
         2          0          0          0          0          0   libshutdown2.o
         8          4          0          0         96         68   libspace.o
       138          0          0          0          0         80   lludiv10.o
       238          0          0          0          0        100   lludivv7m.o
        88          0          0          0          0         76   memcmp.o
        16          4          0          0          0         76   rt_ctype_table.o
         8          4          0          0          0         68   rt_errno_addr_intlibspace.o
         8          4          0          0          0         68   rt_locale_intlibspace.o
        68          0          0          0          0         68   rt_memclr.o
        78          0          0          0          0         80   rt_memclr_w.o
       138          0          0          0          0         68   rt_memcpy_v6.o
       100          0          0          0          0         80   rt_memcpy_w.o
         2          0          0          0          0          0   rtexit.o
        10          0          0          0          0          0   rtexit2.o
        24          0          0          0          0         68   strcat.o
       128          0          0          0          0         68   strcmpv7m.o
        72          0          0          0          0         80   strcpy.o
        62          0          0          0          0         76   strlen.o
       150          0          0          0          0         80   strncmp.o
       112          0          0          0          0         88   strtol.o
        12          4          0          0          0         68   sys_exit.o
        74          0          0          0          0         80   sys_stackheap_outer.o
         2          0          0          0          0         68   use_no_semi.o
        52          4          0          0          0         80   vsnprintf.o
        10          0          0          0          0        116   fpinit.o
         4          0          0          0          0        116   printf1.o
         4          0          0          0          0        116   printf2.o
         0          0          0          0          0          0   usenofp.o
        48          0          0          0          0        124   fpclassify.o

    ----------------------------------------------------------------------
      8226        270        552          0        100       5756   Library Totals
        16          0          1          0          4          0   (incl. Padding)

    ----------------------------------------------------------------------

      Code (inc. data)   RO Data    RW Data    ZI Data      Debug   Library Name

      8144        270        551          0         96       5284   c_w.l
        18          0          0          0          0        348   fz_wm.l
        48          0          0          0          0        124   m_wm.l

    ----------------------------------------------------------------------
      8226        270        552          0        100       5756   Library Totals

    ----------------------------------------------------------------------

==============================================================================


      Code (inc. data)   RO Data    RW Data    ZI Data      Debug   

     74144       9346      11468        588       8340    1089105   Grand Totals
     74144       9346      11468        108       8340    1089105   ELF Image Totals (compressed)
     74144       9346      11468        108          0          0   ROM Totals

==============================================================================

    Total RO  Size (Code + RO Data)                85612 (  83.61kB)
    Total RW  Size (RW Data + ZI Data)              8928 (   8.72kB)
    Total ROM Size (Code + RO Data + RW Data)      85720 (  83.71kB)

==============================================================================

